SQL> set lines 200
SQL> set pages 100
SQL> select to_char(sysdate, 'dd-mm-yyyy hh:mi:ss') from dual;

TO_CHAR(SYSDATE,'DD                                                                                                                                                                                     
-------------------                                                                                                                                                                                     
09-11-2021 10:04:21                                                                                                                                                                                     

SQL> 
SQL> insert into login_lab_ubd values ('Pantelimon Andreea', '341C5', 'Lab6', user, sysdate, null, null);

1 row created.

SQL> 
SQL> select * from login_lab_ubd;

NUME_STUD                      GRUPA      LABORATOR  NUME_USER  DATA_IN   DATA_SF       DURATA                                                                                                          
------------------------------ ---------- ---------- ---------- --------- --------- ----------                                                                                                          
Pantelimon Andreea             341C5      Lab6       ABD1       09-NOV-21                                                                                                                               
Pantelimon Andreea             341C5      Lab2       ABD1       17-OCT-21 17-OCT-21        113                                                                                                          
Pantelimon Andreea             341C5      Lab4       ABD1       26-OCT-21 26-OCT-21         73                                                                                                          
Pantelimon Andreea             341C5      Lab3       ABD1       19-OCT-21 19-OCT-21         71                                                                                                          
Pantelimon Andreea             341C5      Lab5       ABD1       02-NOV-21 02-NOV-21         70                                                                                                          

SQL> create tablespace ubd_data1 datafile 'd:\ubd_data1.dbf' size 10m extent management local uniform size 128k;

Tablespace created.

SQL> create tablespace ubd_data2 datafile 'd:\ubd_data2.dbf' size 10M
  2  ;

Tablespace created.

SQL> alter database datafil 'd:\ubd_data1.dbf' autoextend on next 2M
  2  ;
alter database datafil 'd:\ubd_data1.dbf' autoextend on next 2M
                       *
ERROR at line 1:
ORA-02231: missing or invalid option to ALTER DATABASE 


SQL> alter database datafile 'd:\ubd_data1.dbf' autoextend on next 2M;

Database altered.

SQL> alter database datafile 'd:\ubd_data1.dbf'resize 5M;

Database altered.

SQL> alter tablespace ubd_data1 add datafile 'd:\ubd_data1.dbf' size 10M;
alter tablespace ubd_data1 add datafile 'd:\ubd_data1.dbf' size 10M
*
ERROR at line 1:
ORA-01537: cannot add file 'd:\ubd_data1.dbf' - file already part of database 


SQL> alter tablespace ubd_data1 add datafile 'd:\ubd_data11.dbf' size 10M;

Tablespace altered.

SQL> desc dba_tablespaces
 Name                                                                                                              Null?    Type
 ----------------------------------------------------------------------------------------------------------------- -------- ----------------------------------------------------------------------------
 TABLESPACE_NAME                                                                                                   NOT NULL VARCHAR2(30)
 BLOCK_SIZE                                                                                                        NOT NULL NUMBER
 INITIAL_EXTENT                                                                                                             NUMBER
 NEXT_EXTENT                                                                                                                NUMBER
 MIN_EXTENTS                                                                                                       NOT NULL NUMBER
 MAX_EXTENTS                                                                                                                NUMBER
 MAX_SIZE                                                                                                                   NUMBER
 PCT_INCREASE                                                                                                               NUMBER
 MIN_EXTLEN                                                                                                                 NUMBER
 STATUS                                                                                                                     VARCHAR2(9)
 CONTENTS                                                                                                                   VARCHAR2(21)
 LOGGING                                                                                                                    VARCHAR2(9)
 FORCE_LOGGING                                                                                                              VARCHAR2(3)
 EXTENT_MANAGEMENT                                                                                                          VARCHAR2(10)
 ALLOCATION_TYPE                                                                                                            VARCHAR2(9)
 PLUGGED_IN                                                                                                                 VARCHAR2(3)
 SEGMENT_SPACE_MANAGEMENT                                                                                                   VARCHAR2(6)
 DEF_TAB_COMPRESSION                                                                                                        VARCHAR2(8)
 RETENTION                                                                                                                  VARCHAR2(11)
 BIGFILE                                                                                                                    VARCHAR2(3)
 PREDICATE_EVALUATION                                                                                                       VARCHAR2(7)
 ENCRYPTED                                                                                                                  VARCHAR2(3)
 COMPRESS_FOR                                                                                                               VARCHAR2(30)
 DEF_INMEMORY                                                                                                               VARCHAR2(8)
 DEF_INMEMORY_PRIORITY                                                                                                      VARCHAR2(8)
 DEF_INMEMORY_DISTRIBUTE                                                                                                    VARCHAR2(15)
 DEF_INMEMORY_COMPRESSION                                                                                                   VARCHAR2(17)
 DEF_INMEMORY_DUPLICATE                                                                                                     VARCHAR2(13)
 SHARED                                                                                                                     VARCHAR2(13)
 DEF_INDEX_COMPRESSION                                                                                                      VARCHAR2(8)
 INDEX_COMPRESS_FOR                                                                                                         VARCHAR2(13)
 DEF_CELLMEMORY                                                                                                             VARCHAR2(14)
 DEF_INMEMORY_SERVICE                                                                                                       VARCHAR2(12)
 DEF_INMEMORY_SERVICE_NAME                                                                                                  VARCHAR2(1000)
 LOST_WRITE_PROTECT                                                                                                         VARCHAR2(7)
 CHUNK_TABLESPACE                                                                                                           VARCHAR2(1)

SQL> select tablespace_name, bloc_size, status from dba_tablespaces;
select tablespace_name, bloc_size, status from dba_tablespaces
                        *
ERROR at line 1:
ORA-00904: "BLOC_SIZE": invalid identifier 


SQL> select tablespace_name, block_size, status from dba_tablespaces;

TABLESPACE_NAME                BLOCK_SIZE STATUS                                                                                                                                                        
------------------------------ ---------- ---------                                                                                                                                                     
SYSTEM                               8192 ONLINE                                                                                                                                                        
SYSAUX                               8192 ONLINE                                                                                                                                                        
UNDOTBS1                             8192 ONLINE                                                                                                                                                        
TEMP                                 8192 ONLINE                                                                                                                                                        
USERS                                8192 ONLINE                                                                                                                                                        
BD_DATA                              8192 ONLINE                                                                                                                                                        
BD_TEMP                              8192 ONLINE                                                                                                                                                        
UBD_DATA1                            8192 ONLINE                                                                                                                                                        
UBD_DATA2                            8192 ONLINE                                                                                                                                                        

9 rows selected.

SQL> desc v$tablespace
 Name                                                                                                              Null?    Type
 ----------------------------------------------------------------------------------------------------------------- -------- ----------------------------------------------------------------------------
 TS#                                                                                                                        NUMBER
 NAME                                                                                                                       VARCHAR2(30)
 INCLUDED_IN_DATABASE_BACKUP                                                                                                VARCHAR2(3)
 BIGFILE                                                                                                                    VARCHAR2(3)
 FLASHBACK_ON                                                                                                               VARCHAR2(3)
 ENCRYPT_IN_BACKUP                                                                                                          VARCHAR2(3)
 CON_ID                                                                                                                     NUMBER

SQL> select * from v$tablespace;

       TS# NAME                           INC BIG FLA ENC     CON_ID                                                                                                                                    
---------- ------------------------------ --- --- --- --- ----------                                                                                                                                    
         1 SYSAUX                         YES NO  YES              1                                                                                                                                    
         0 SYSTEM                         YES NO  YES              1                                                                                                                                    
         2 UNDOTBS1                       YES NO  YES              1                                                                                                                                    
         4 USERS                          YES NO  YES              1                                                                                                                                    
         3 TEMP                           NO  NO  YES              1                                                                                                                                    
         6 BD_DATA                        YES NO  YES              1                                                                                                                                    
         7 BD_TEMP                        NO  NO  YES              1                                                                                                                                    
         8 UBD_DATA1                      YES NO  YES              1                                                                                                                                    
         9 UBD_DATA2                      YES NO  YES              1                                                                                                                                    

9 rows selected.

SQL> desc dba_data_files;
 Name                                                                                                              Null?    Type
 ----------------------------------------------------------------------------------------------------------------- -------- ----------------------------------------------------------------------------
 FILE_NAME                                                                                                                  VARCHAR2(513)
 FILE_ID                                                                                                                    NUMBER
 TABLESPACE_NAME                                                                                                            VARCHAR2(30)
 BYTES                                                                                                                      NUMBER
 BLOCKS                                                                                                                     NUMBER
 STATUS                                                                                                                     VARCHAR2(9)
 RELATIVE_FNO                                                                                                               NUMBER
 AUTOEXTENSIBLE                                                                                                             VARCHAR2(3)
 MAXBYTES                                                                                                                   NUMBER
 MAXBLOCKS                                                                                                                  NUMBER
 INCREMENT_BY                                                                                                               NUMBER
 USER_BYTES                                                                                                                 NUMBER
 USER_BLOCKS                                                                                                                NUMBER
 ONLINE_STATUS                                                                                                              VARCHAR2(7)
 LOST_WRITE_PROTECT                                                                                                         VARCHAR2(7)

SQL> select tablespace_name, file_name, status from dba_data_files;

TABLESPACE_NAME                                                                                                                                                                                         
------------------------------                                                                                                                                                                          
FILE_NAME                                                                                                                                                                                               
--------------------------------------------------------------------------------------------------------------------------------------------------------------------------------------------------------
STATUS                                                                                                                                                                                                  
---------                                                                                                                                                                                               
SYSTEM                                                                                                                                                                                                  
D:\APLICATII\ORADATA\ORCL\SYSTEM01.DBF                                                                                                                                                                  
AVAILABLE                                                                                                                                                                                               
                                                                                                                                                                                                        
SYSAUX                                                                                                                                                                                                  
D:\APLICATII\ORADATA\ORCL\SYSAUX01.DBF                                                                                                                                                                  
AVAILABLE                                                                                                                                                                                               
                                                                                                                                                                                                        
UNDOTBS1                                                                                                                                                                                                
D:\APLICATII\ORADATA\ORCL\UNDOTBS01.DBF                                                                                                                                                                 
AVAILABLE                                                                                                                                                                                               
                                                                                                                                                                                                        
USERS                                                                                                                                                                                                   
D:\APLICATII\ORADATA\ORCL\USERS01.DBF                                                                                                                                                                   
AVAILABLE                                                                                                                                                                                               
                                                                                                                                                                                                        
BD_DATA                                                                                                                                                                                                 
D:\APLICATII\ORADATA\ORCL\BD_DATA.DBF                                                                                                                                                                   
AVAILABLE                                                                                                                                                                                               
                                                                                                                                                                                                        
UBD_DATA1                                                                                                                                                                                               
D:\UBD_DATA1.DBF                                                                                                                                                                                        
AVAILABLE                                                                                                                                                                                               
                                                                                                                                                                                                        
UBD_DATA1                                                                                                                                                                                               
D:\UBD_DATA11.DBF                                                                                                                                                                                       
AVAILABLE                                                                                                                                                                                               
                                                                                                                                                                                                        
UBD_DATA2                                                                                                                                                                                               
D:\UBD_DATA2.DBF                                                                                                                                                                                        
AVAILABLE                                                                                                                                                                                               
                                                                                                                                                                                                        

8 rows selected.

SQL> desc v$datafile
 Name                                                                                                              Null?    Type
 ----------------------------------------------------------------------------------------------------------------- -------- ----------------------------------------------------------------------------
 FILE#                                                                                                                      NUMBER
 CREATION_CHANGE#                                                                                                           NUMBER
 CREATION_TIME                                                                                                              DATE
 TS#                                                                                                                        NUMBER
 RFILE#                                                                                                                     NUMBER
 STATUS                                                                                                                     VARCHAR2(7)
 ENABLED                                                                                                                    VARCHAR2(10)
 CHECKPOINT_CHANGE#                                                                                                         NUMBER
 CHECKPOINT_TIME                                                                                                            DATE
 UNRECOVERABLE_CHANGE#                                                                                                      NUMBER
 UNRECOVERABLE_TIME                                                                                                         DATE
 LAST_CHANGE#                                                                                                               NUMBER
 LAST_TIME                                                                                                                  DATE
 OFFLINE_CHANGE#                                                                                                            NUMBER
 ONLINE_CHANGE#                                                                                                             NUMBER
 ONLINE_TIME                                                                                                                DATE
 BYTES                                                                                                                      NUMBER
 BLOCKS                                                                                                                     NUMBER
 CREATE_BYTES                                                                                                               NUMBER
 BLOCK_SIZE                                                                                                                 NUMBER
 NAME                                                                                                                       VARCHAR2(513)
 PLUGGED_IN                                                                                                                 NUMBER
 BLOCK1_OFFSET                                                                                                              NUMBER
 AUX_NAME                                                                                                                   VARCHAR2(513)
 FIRST_NONLOGGED_SCN                                                                                                        NUMBER
 FIRST_NONLOGGED_TIME                                                                                                       DATE
 FOREIGN_DBID                                                                                                               NUMBER
 FOREIGN_CREATION_CHANGE#                                                                                                   NUMBER
 FOREIGN_CREATION_TIME                                                                                                      DATE
 PLUGGED_READONLY                                                                                                           VARCHAR2(3)
 PLUGIN_CHANGE#                                                                                                             NUMBER
 PLUGIN_RESETLOGS_CHANGE#                                                                                                   NUMBER
 PLUGIN_RESETLOGS_TIME                                                                                                      DATE
 CON_ID                                                                                                                     NUMBER

SQL> select file#, name, creation_time,status, enabled from v$datafile;

     FILE#                                                                                                                                                                                              
----------                                                                                                                                                                                              
NAME                                                                                                                                                                                                    
--------------------------------------------------------------------------------------------------------------------------------------------------------------------------------------------------------
CREATION_ STATUS  ENABLED                                                                                                                                                                               
--------- ------- ----------                                                                                                                                                                            
         1                                                                                                                                                                                              
D:\APLICATII\ORADATA\ORCL\SYSTEM01.DBF                                                                                                                                                                  
30-MAY-19 SYSTEM  READ WRITE                                                                                                                                                                            
                                                                                                                                                                                                        
         3                                                                                                                                                                                              
D:\APLICATII\ORADATA\ORCL\SYSAUX01.DBF                                                                                                                                                                  
30-MAY-19 ONLINE  READ WRITE                                                                                                                                                                            
                                                                                                                                                                                                        
         4                                                                                                                                                                                              
D:\APLICATII\ORADATA\ORCL\UNDOTBS01.DBF                                                                                                                                                                 
30-MAY-19 ONLINE  READ WRITE                                                                                                                                                                            
                                                                                                                                                                                                        
         7                                                                                                                                                                                              
D:\APLICATII\ORADATA\ORCL\USERS01.DBF                                                                                                                                                                   
30-MAY-19 ONLINE  READ WRITE                                                                                                                                                                            
                                                                                                                                                                                                        
        13                                                                                                                                                                                              
D:\APLICATII\ORADATA\ORCL\BD_DATA.DBF                                                                                                                                                                   
17-OCT-21 ONLINE  READ WRITE                                                                                                                                                                            
                                                                                                                                                                                                        
        14                                                                                                                                                                                              
D:\UBD_DATA1.DBF                                                                                                                                                                                        
09-NOV-21 ONLINE  READ WRITE                                                                                                                                                                            
                                                                                                                                                                                                        
        15                                                                                                                                                                                              
D:\UBD_DATA2.DBF                                                                                                                                                                                        
09-NOV-21 ONLINE  READ WRITE                                                                                                                                                                            
                                                                                                                                                                                                        
        16                                                                                                                                                                                              
D:\UBD_DATA11.DBF                                                                                                                                                                                       
09-NOV-21 ONLINE  READ WRITE                                                                                                                                                                            
                                                                                                                                                                                                        

8 rows selected.

SQL> desc dba_temp_files;
 Name                                                                                                              Null?    Type
 ----------------------------------------------------------------------------------------------------------------- -------- ----------------------------------------------------------------------------
 FILE_NAME                                                                                                                  VARCHAR2(513)
 FILE_ID                                                                                                                    NUMBER
 TABLESPACE_NAME                                                                                                            VARCHAR2(30)
 BYTES                                                                                                                      NUMBER
 BLOCKS                                                                                                                     NUMBER
 STATUS                                                                                                                     VARCHAR2(7)
 RELATIVE_FNO                                                                                                               NUMBER
 AUTOEXTENSIBLE                                                                                                             VARCHAR2(3)
 MAXBYTES                                                                                                                   NUMBER
 MAXBLOCKS                                                                                                                  NUMBER
 INCREMENT_BY                                                                                                               NUMBER
 USER_BYTES                                                                                                                 NUMBER
 USER_BLOCKS                                                                                                                NUMBER
 SHARED                                                                                                                     VARCHAR2(13)
 INST_ID                                                                                                                    NUMBER

SQL> select file_name,tablespace_name, status from dba_temp_files;

FILE_NAME                                                                                                                                                                                               
--------------------------------------------------------------------------------------------------------------------------------------------------------------------------------------------------------
TABLESPACE_NAME                STATUS                                                                                                                                                                   
------------------------------ -------                                                                                                                                                                  
D:\APLICATII\ORADATA\ORCL\BD_TEMP.DBF                                                                                                                                                                   
BD_TEMP                        ONLINE                                                                                                                                                                   
                                                                                                                                                                                                        
D:\APLICATII\ORADATA\ORCL\TEMP01.DBF                                                                                                                                                                    
TEMP                           ONLINE                                                                                                                                                                   
                                                                                                                                                                                                        

SQL> desc v$tempfile
 Name                                                                                                              Null?    Type
 ----------------------------------------------------------------------------------------------------------------- -------- ----------------------------------------------------------------------------
 FILE#                                                                                                                      NUMBER
 CREATION_CHANGE#                                                                                                           NUMBER
 CREATION_TIME                                                                                                              DATE
 TS#                                                                                                                        NUMBER
 RFILE#                                                                                                                     NUMBER
 STATUS                                                                                                                     VARCHAR2(7)
 ENABLED                                                                                                                    VARCHAR2(10)
 BYTES                                                                                                                      NUMBER
 BLOCKS                                                                                                                     NUMBER
 CREATE_BYTES                                                                                                               NUMBER
 BLOCK_SIZE                                                                                                                 NUMBER
 NAME                                                                                                                       VARCHAR2(513)
 CON_ID                                                                                                                     NUMBER

SQL> select file#,name, creation_time, status from v$tempfile;

     FILE#                                                                                                                                                                                              
----------                                                                                                                                                                                              
NAME                                                                                                                                                                                                    
--------------------------------------------------------------------------------------------------------------------------------------------------------------------------------------------------------
CREATION_ STATUS                                                                                                                                                                                        
--------- -------                                                                                                                                                                                       
         1                                                                                                                                                                                              
D:\APLICATII\ORADATA\ORCL\TEMP01.DBF                                                                                                                                                                    
17-OCT-21 ONLINE                                                                                                                                                                                        
                                                                                                                                                                                                        
         4                                                                                                                                                                                              
D:\APLICATII\ORADATA\ORCL\BD_TEMP.DBF                                                                                                                                                                   
17-OCT-21 ONLINE                                                                                                                                                                                        
                                                                                                                                                                                                        

SQL> desc database_properties;
 Name                                                                                                              Null?    Type
 ----------------------------------------------------------------------------------------------------------------- -------- ----------------------------------------------------------------------------
 PROPERTY_NAME                                                                                                              VARCHAR2(128)
 PROPERTY_VALUE                                                                                                             VARCHAR2(4000)
 DESCRIPTION                                                                                                                VARCHAR2(4000)

SQL> select * from database_properties;

PROPERTY_NAME                                                                                                                                                                                           
--------------------------------------------------------------------------------------------------------------------------------                                                                        
PROPERTY_VALUE                                                                                                                                                                                          
--------------------------------------------------------------------------------------------------------------------------------------------------------------------------------------------------------
DESCRIPTION                                                                                                                                                                                             
--------------------------------------------------------------------------------------------------------------------------------------------------------------------------------------------------------
MAX_PDB_SNAPSHOTS                                                                                                                                                                                       
8                                                                                                                                                                                                       
maximum number of snapshots for a given PDB                                                                                                                                                             
                                                                                                                                                                                                        
CON_VSN                                                                                                                                                                                                 
4                                                                                                                                                                                                       
version number for the CDB or the Application Container                                                                                                                                                 
                                                                                                                                                                                                        
DICTIONARY_ENDIAN_TYPE                                                                                                                                                                                  
LITTLE                                                                                                                                                                                                  
Endian type of the data dictionary                                                                                                                                                                      
                                                                                                                                                                                                        
LOCAL_UNDO_ENABLED                                                                                                                                                                                      
TRUE                                                                                                                                                                                                    
true if local undo is enabled                                                                                                                                                                           
                                                                                                                                                                                                        
OLS_OID_STATUS                                                                                                                                                                                          
0                                                                                                                                                                                                       
OLS OID Status used for Label Security                                                                                                                                                                  
                                                                                                                                                                                                        
GLOBAL_DB_NAME                                                                                                                                                                                          
ORCL                                                                                                                                                                                                    
Global database name                                                                                                                                                                                    
                                                                                                                                                                                                        
MAX_STRING_SIZE                                                                                                                                                                                         
STANDARD                                                                                                                                                                                                
MAX_STRING_SIZE parameter used for dictionary metadata                                                                                                                                                  
                                                                                                                                                                                                        
NO_USERID_VERIFIER_SALT                                                                                                                                                                                 
E4FA6F27C073C7D5C89D3E2FBCA3D0C7                                                                                                                                                                        
Per database random key for computing faux salt                                                                                                                                                         
                                                                                                                                                                                                        
WORKLOAD_REPLAY_MODE                                                                                                                                                                                    
                                                                                                                                                                                                        
PREPARE implies external replay clients can connect; REPLAY implies workload replay is in progress                                                                                                      
                                                                                                                                                                                                        
WORKLOAD_CAPTURE_MODE                                                                                                                                                                                   
                                                                                                                                                                                                        
CAPTURE implies workload capture is in progress                                                                                                                                                         
                                                                                                                                                                                                        
NLS_RDBMS_VERSION                                                                                                                                                                                       
19.0.0.0.0                                                                                                                                                                                              
RDBMS version for NLS parameters                                                                                                                                                                        
                                                                                                                                                                                                        
NLS_NCHAR_CONV_EXCP                                                                                                                                                                                     
FALSE                                                                                                                                                                                                   
NLS conversion exception                                                                                                                                                                                
                                                                                                                                                                                                        
NLS_LENGTH_SEMANTICS                                                                                                                                                                                    
BYTE                                                                                                                                                                                                    
NLS length semantics                                                                                                                                                                                    
                                                                                                                                                                                                        
NLS_COMP                                                                                                                                                                                                
BINARY                                                                                                                                                                                                  
NLS comparison                                                                                                                                                                                          
                                                                                                                                                                                                        
NLS_DUAL_CURRENCY                                                                                                                                                                                       
$                                                                                                                                                                                                       
Dual currency symbol                                                                                                                                                                                    
                                                                                                                                                                                                        
NLS_TIMESTAMP_TZ_FORMAT                                                                                                                                                                                 
DD-MON-RR HH.MI.SSXFF AM TZR                                                                                                                                                                            
Timestamp with timezone format                                                                                                                                                                          
                                                                                                                                                                                                        
NLS_TIME_TZ_FORMAT                                                                                                                                                                                      
HH.MI.SSXFF AM TZR                                                                                                                                                                                      
Time with timezone format                                                                                                                                                                               
                                                                                                                                                                                                        
NLS_TIMESTAMP_FORMAT                                                                                                                                                                                    
DD-MON-RR HH.MI.SSXFF AM                                                                                                                                                                                
Time stamp format                                                                                                                                                                                       
                                                                                                                                                                                                        
NLS_TIME_FORMAT                                                                                                                                                                                         
HH.MI.SSXFF AM                                                                                                                                                                                          
Time format                                                                                                                                                                                             
                                                                                                                                                                                                        
NLS_SORT                                                                                                                                                                                                
BINARY                                                                                                                                                                                                  
Linguistic definition                                                                                                                                                                                   
                                                                                                                                                                                                        
NLS_DATE_LANGUAGE                                                                                                                                                                                       
AMERICAN                                                                                                                                                                                                
Date language                                                                                                                                                                                           
                                                                                                                                                                                                        
NLS_DATE_FORMAT                                                                                                                                                                                         
DD-MON-RR                                                                                                                                                                                               
Date format                                                                                                                                                                                             
                                                                                                                                                                                                        
NLS_CALENDAR                                                                                                                                                                                            
GREGORIAN                                                                                                                                                                                               
Calendar system                                                                                                                                                                                         
                                                                                                                                                                                                        
NLS_NUMERIC_CHARACTERS                                                                                                                                                                                  

PROPERTY_NAME                                                                                                                                                                                           
--------------------------------------------------------------------------------------------------------------------------------                                                                        
PROPERTY_VALUE                                                                                                                                                                                          
--------------------------------------------------------------------------------------------------------------------------------------------------------------------------------------------------------
DESCRIPTION                                                                                                                                                                                             
--------------------------------------------------------------------------------------------------------------------------------------------------------------------------------------------------------
.,                                                                                                                                                                                                      
Numeric characters                                                                                                                                                                                      
                                                                                                                                                                                                        
NLS_NCHAR_CHARACTERSET                                                                                                                                                                                  
AL16UTF16                                                                                                                                                                                               
NCHAR Character set                                                                                                                                                                                     
                                                                                                                                                                                                        
NLS_CHARACTERSET                                                                                                                                                                                        
AL32UTF8                                                                                                                                                                                                
Character set                                                                                                                                                                                           
                                                                                                                                                                                                        
NLS_ISO_CURRENCY                                                                                                                                                                                        
AMERICA                                                                                                                                                                                                 
ISO currency                                                                                                                                                                                            
                                                                                                                                                                                                        
NLS_CURRENCY                                                                                                                                                                                            
$                                                                                                                                                                                                       
Local currency                                                                                                                                                                                          
                                                                                                                                                                                                        
NLS_TERRITORY                                                                                                                                                                                           
AMERICA                                                                                                                                                                                                 
Territory                                                                                                                                                                                               
                                                                                                                                                                                                        
NLS_LANGUAGE                                                                                                                                                                                            
AMERICAN                                                                                                                                                                                                
Language                                                                                                                                                                                                
                                                                                                                                                                                                        
DEFAULT_TBS_TYPE                                                                                                                                                                                        
SMALLFILE                                                                                                                                                                                               
Default tablespace type                                                                                                                                                                                 
                                                                                                                                                                                                        
DST_SECONDARY_TT_VERSION                                                                                                                                                                                
0                                                                                                                                                                                                       
Version of secondary timezone data file                                                                                                                                                                 
                                                                                                                                                                                                        
DST_PRIMARY_TT_VERSION                                                                                                                                                                                  
32                                                                                                                                                                                                      
Version of primary timezone data file                                                                                                                                                                   
                                                                                                                                                                                                        
DST_UPGRADE_STATE                                                                                                                                                                                       
NONE                                                                                                                                                                                                    
State of Day Light Saving Time Upgrade                                                                                                                                                                  
                                                                                                                                                                                                        
DBTIMEZONE                                                                                                                                                                                              
00:00                                                                                                                                                                                                   
DB time zone                                                                                                                                                                                            
                                                                                                                                                                                                        
TDE_MASTER_KEY_ID                                                                                                                                                                                       
                                                                                                                                                                                                        
                                                                                                                                                                                                        
                                                                                                                                                                                                        
EXPORT_VIEWS_VERSION                                                                                                                                                                                    
8                                                                                                                                                                                                       
Export views revision #                                                                                                                                                                                 
                                                                                                                                                                                                        
Flashback Timestamp TimeZone                                                                                                                                                                            
GMT                                                                                                                                                                                                     
Flashback timestamp created in GMT                                                                                                                                                                      
                                                                                                                                                                                                        
DEFAULT_EDITION                                                                                                                                                                                         
ORA$BASE                                                                                                                                                                                                
Name of the database default edition                                                                                                                                                                    
                                                                                                                                                                                                        
DEFAULT_PERMANENT_TABLESPACE                                                                                                                                                                            
USERS                                                                                                                                                                                                   
Name of default permanent tablespace                                                                                                                                                                    
                                                                                                                                                                                                        
DEFAULT_TEMP_TABLESPACE                                                                                                                                                                                 
TEMP                                                                                                                                                                                                    
Name of default temporary tablespace                                                                                                                                                                    
                                                                                                                                                                                                        
DICT.BASE                                                                                                                                                                                               
2                                                                                                                                                                                                       
dictionary base tables version #                                                                                                                                                                        
                                                                                                                                                                                                        

42 rows selected.

SQL> desc dba_users
 Name                                                                                                              Null?    Type
 ----------------------------------------------------------------------------------------------------------------- -------- ----------------------------------------------------------------------------
 USERNAME                                                                                                          NOT NULL VARCHAR2(128)
 USER_ID                                                                                                           NOT NULL NUMBER
 PASSWORD                                                                                                                   VARCHAR2(4000)
 ACCOUNT_STATUS                                                                                                    NOT NULL VARCHAR2(32)
 LOCK_DATE                                                                                                                  DATE
 EXPIRY_DATE                                                                                                                DATE
 DEFAULT_TABLESPACE                                                                                                NOT NULL VARCHAR2(30)
 TEMPORARY_TABLESPACE                                                                                              NOT NULL VARCHAR2(30)
 LOCAL_TEMP_TABLESPACE                                                                                                      VARCHAR2(30)
 CREATED                                                                                                           NOT NULL DATE
 PROFILE                                                                                                           NOT NULL VARCHAR2(128)
 INITIAL_RSRC_CONSUMER_GROUP                                                                                                VARCHAR2(128)
 EXTERNAL_NAME                                                                                                              VARCHAR2(4000)
 PASSWORD_VERSIONS                                                                                                          VARCHAR2(17)
 EDITIONS_ENABLED                                                                                                           VARCHAR2(1)
 AUTHENTICATION_TYPE                                                                                                        VARCHAR2(8)
 PROXY_ONLY_CONNECT                                                                                                         VARCHAR2(1)
 COMMON                                                                                                                     VARCHAR2(3)
 LAST_LOGIN                                                                                                                 TIMESTAMP(9) WITH TIME ZONE
 ORACLE_MAINTAINED                                                                                                          VARCHAR2(1)
 INHERITED                                                                                                                  VARCHAR2(3)
 DEFAULT_COLLATION                                                                                                          VARCHAR2(100)
 IMPLICIT                                                                                                                   VARCHAR2(3)
 ALL_SHARD                                                                                                                  VARCHAR2(3)
 PASSWORD_CHANGE_DATE                                                                                                       DATE

SQL> select username, default_tablespace, temporary_tablespace from dba_users;

USERNAME                                                                                                                         DEFAULT_TABLESPACE             TEMPORARY_TABLESPACE                    
-------------------------------------------------------------------------------------------------------------------------------- ------------------------------ ------------------------------          
SYS                                                                                                                              SYSTEM                         TEMP                                    
SYSTEM                                                                                                                           SYSTEM                         TEMP                                    
XS$NULL                                                                                                                          SYSTEM                         TEMP                                    
OJVMSYS                                                                                                                          SYSTEM                         TEMP                                    
LBACSYS                                                                                                                          SYSTEM                         TEMP                                    
OUTLN                                                                                                                            SYSTEM                         TEMP                                    
SYS$UMF                                                                                                                          SYSTEM                         TEMP                                    
DBSNMP                                                                                                                           SYSAUX                         TEMP                                    
APPQOSSYS                                                                                                                        SYSAUX                         TEMP                                    
DBSFWUSER                                                                                                                        SYSAUX                         TEMP                                    
GGSYS                                                                                                                            SYSAUX                         TEMP                                    
ANONYMOUS                                                                                                                        SYSAUX                         TEMP                                    
CTXSYS                                                                                                                           SYSAUX                         TEMP                                    
DVSYS                                                                                                                            SYSAUX                         TEMP                                    
DVF                                                                                                                              SYSAUX                         TEMP                                    
GSMADMIN_INTERNAL                                                                                                                SYSAUX                         TEMP                                    
MDSYS                                                                                                                            SYSAUX                         TEMP                                    
OLAPSYS                                                                                                                          SYSAUX                         TEMP                                    
XDB                                                                                                                              SYSAUX                         TEMP                                    
WMSYS                                                                                                                            SYSAUX                         TEMP                                    
GSMCATUSER                                                                                                                       USERS                          TEMP                                    
MDDATA                                                                                                                           USERS                          TEMP                                    
SYSBACKUP                                                                                                                        USERS                          TEMP                                    
REMOTE_SCHEDULER_AGENT                                                                                                           USERS                          TEMP                                    
GSMUSER                                                                                                                          USERS                          TEMP                                    
SYSRAC                                                                                                                           USERS                          TEMP                                    
GSMROOTUSER                                                                                                                      USERS                          TEMP                                    
SI_INFORMTN_SCHEMA                                                                                                               USERS                          TEMP                                    
AUDSYS                                                                                                                           USERS                          TEMP                                    
DIP                                                                                                                              USERS                          TEMP                                    
ORDPLUGINS                                                                                                                       USERS                          TEMP                                    
SYSKM                                                                                                                            USERS                          TEMP                                    
ORDDATA                                                                                                                          USERS                          TEMP                                    
ORACLE_OCM                                                                                                                       USERS                          TEMP                                    
SYSDG                                                                                                                            USERS                          TEMP                                    
ORDSYS                                                                                                                           USERS                          TEMP                                    
ABD2                                                                                                                             BD_DATA                        BD_TEMP                                 
ABD1                                                                                                                             BD_DATA                        BD_TEMP                                 

38 rows selected.

SQL>  desc dba_ts_quotas
 Name                                                                                                              Null?    Type
 ----------------------------------------------------------------------------------------------------------------- -------- ----------------------------------------------------------------------------
 TABLESPACE_NAME                                                                                                   NOT NULL VARCHAR2(30)
 USERNAME                                                                                                          NOT NULL VARCHAR2(128)
 BYTES                                                                                                                      NUMBER
 MAX_BYTES                                                                                                                  NUMBER
 BLOCKS                                                                                                                     NUMBER
 MAX_BLOCKS                                                                                                                 NUMBER
 DROPPED                                                                                                                    VARCHAR2(3)

SQL>  select tablespace_name, username, max_bytes, bytes from dba_ts_quotas;

TABLESPACE_NAME                USERNAME                                                                                                                          MAX_BYTES      BYTES                   
------------------------------ -------------------------------------------------------------------------------------------------------------------------------- ---------- ----------                   
SYSAUX                         AUDSYS                                                                                                                                   -1    1310720                   
SYSTEM                         OUTLN                                                                                                                                    -1     589824                   
SYSAUX                         GSMADMIN_INTERNAL                                                                                                                        -1     917504                   
SYSAUX                         DBSFWUSER                                                                                                                                -1          0                   
SYSAUX                         APPQOSSYS                                                                                                                                -1          0                   
SYSAUX                         GGSYS                                                                                                                                    -1          0                   
SYSAUX                         MDSYS                                                                                                                                    -1  177143808                   
SYSTEM                         MDSYS                                                                                                                                    -1          0                   
SYSAUX                         OLAPSYS                                                                                                                                  -1          0                   
SYSTEM                         LBACSYS                                                                                                                                  -1     327680                   
BD_DATA                        ABD1                                                                                                                               10485760     524288                   
BD_DATA                        ABD2                                                                                                                               10485760          0                   

12 rows selected.

SQL> desc user_users
 Name                                                                                                              Null?    Type
 ----------------------------------------------------------------------------------------------------------------- -------- ----------------------------------------------------------------------------
 USERNAME                                                                                                          NOT NULL VARCHAR2(128)
 USER_ID                                                                                                           NOT NULL NUMBER
 ACCOUNT_STATUS                                                                                                    NOT NULL VARCHAR2(32)
 LOCK_DATE                                                                                                                  DATE
 EXPIRY_DATE                                                                                                                DATE
 DEFAULT_TABLESPACE                                                                                                NOT NULL VARCHAR2(30)
 TEMPORARY_TABLESPACE                                                                                              NOT NULL VARCHAR2(30)
 LOCAL_TEMP_TABLESPACE                                                                                                      VARCHAR2(30)
 CREATED                                                                                                           NOT NULL DATE
 INITIAL_RSRC_CONSUMER_GROUP                                                                                                VARCHAR2(128)
 EXTERNAL_NAME                                                                                                              VARCHAR2(4000)
 PROXY_ONLY_CONNECT                                                                                                         VARCHAR2(1)
 COMMON                                                                                                                     VARCHAR2(3)
 ORACLE_MAINTAINED                                                                                                          VARCHAR2(1)
 INHERITED                                                                                                                  VARCHAR2(3)
 DEFAULT_COLLATION                                                                                                          VARCHAR2(100)
 IMPLICIT                                                                                                                   VARCHAR2(3)
 ALL_SHARD                                                                                                                  VARCHAR2(3)
 PASSWORD_CHANGE_DATE                                                                                                       DATE

SQL>  select user_id, username, created, lock_date from user_users;

   USER_ID USERNAME                                                                                                                         CREATED   LOCK_DATE                                         
---------- -------------------------------------------------------------------------------------------------------------------------------- --------- ---------                                         
       107 ABD1                                                                                                                             17-OCT-21                                                   

SQL> create temporary tablespace ubd_temp2 tempfile 'd:\ubd_temp1.dbf' size 10m extent management local uniform size 2M;

Tablespace created.

SQL> alter databse default temporary tablespace ubd_temp;
alter databse default temporary tablespace ubd_temp
      *
ERROR at line 1:
ORA-00940: invalid ALTER command 


SQL> select * from database_proprieties where property_name='DEFAULT_TEMP_TABLESPACE';
select * from database_proprieties where property_name='DEFAULT_TEMP_TABLESPACE'
              *
ERROR at line 1:
ORA-00942: table or view does not exist 


SQL> select * from database_properties where property_name='DEFAULT_TEMP_TABLESPACE';

PROPERTY_NAME                                                                                                                                                                                           
--------------------------------------------------------------------------------------------------------------------------------                                                                        
PROPERTY_VALUE                                                                                                                                                                                          
--------------------------------------------------------------------------------------------------------------------------------------------------------------------------------------------------------
DESCRIPTION                                                                                                                                                                                             
--------------------------------------------------------------------------------------------------------------------------------------------------------------------------------------------------------
DEFAULT_TEMP_TABLESPACE                                                                                                                                                                                 
TEMP                                                                                                                                                                                                    
Name of default temporary tablespace                                                                                                                                                                    
                                                                                                                                                                                                        

SQL> hmm
SP2-0042: unknown command "hmm" - rest of line ignored.
SQL> alter tablespace ubd_data1 read only;

Tablespace altered.

SQL> alter tablespace ubd_data1 read write;

Tablespace altered.

SQL> select tablespace_name,block_size,status from dba_tablespaces where tablespace_name
  2  ='UBD_DATA1';

TABLESPACE_NAME                BLOCK_SIZE STATUS                                                                                                                                                        
------------------------------ ---------- ---------                                                                                                                                                     
UBD_DATA1                            8192 ONLINE                                                                                                                                                        

SQL>  select tablespace_name, status from dba_tablespaces where tablespace_name =
  2  'UBD_TEMP';

no rows selected

SQL> alter database default temporary tablespace ubd_temp;
alter database default temporary tablespace ubd_temp
*
ERROR at line 1:
ORA-00959: tablespace 'UBD_TEMP' does not exist 


SQL>  select tablespace_name, status from dba_tablespaces where tablespace_name = 'TEMP';

TABLESPACE_NAME                STATUS                                                                                                                                                                   
------------------------------ ---------                                                                                                                                                                
TEMP                           ONLINE                                                                                                                                                                   

SQL> alter tablespace ubd_data1 offline;

Tablespace altered.

SQL>  select tablespace_name, status from dba_tablespaces where tablespace_name='UBD_DATA1';

TABLESPACE_NAME                STATUS                                                                                                                                                                   
------------------------------ ---------                                                                                                                                                                
UBD_DATA1                      OFFLINE                                                                                                                                                                  

SQL> alter tablespace ubd_data1 online;

Tablespace altered.

SQL> alter tablespace ubd_data1 offline;

Tablespace altered.

SQL> alter tablespace ubd_data1 rename datafile 'd:\
  2  
SQL> 
SQL> alter tablespace ubd_data1 rename datafile 'd:\ubd_data1.dbf' to 'd:\ubd_data33.dbf';
alter tablespace ubd_data1 rename datafile 'd:\ubd_data1.dbf' to 'd:\ubd_data33.dbf'
*
ERROR at line 1:
ORA-01525: error in renaming data files 
ORA-01141: error renaming data file 14 - new file 'd:\ubd_data33.dbf' not found 
ORA-01110: data file 14: 'D:\UBD_DATA1.DBF' 
ORA-27041: unable to open file 
OSD-04002: unable to open file 
O/S-Error: (OS 2) The system cannot find the file specified. 


SQL> select tablespace_name from dba_tabelspaces;
select tablespace_name from dba_tabelspaces
                            *
ERROR at line 1:
ORA-00942: table or view does not exist 


SQL> select tablespace_name from dba_tablespaces;

TABLESPACE_NAME                                                                                                                                                                                         
------------------------------                                                                                                                                                                          
SYSTEM                                                                                                                                                                                                  
SYSAUX                                                                                                                                                                                                  
UNDOTBS1                                                                                                                                                                                                
TEMP                                                                                                                                                                                                    
USERS                                                                                                                                                                                                   
BD_DATA                                                                                                                                                                                                 
BD_TEMP                                                                                                                                                                                                 
UBD_DATA1                                                                                                                                                                                               
UBD_DATA2                                                                                                                                                                                               
UBD_TEMP2                                                                                                                                                                                               

10 rows selected.

SQL> select file_name, status from dba_temp_files;

FILE_NAME                                                                                                                                                                                               
--------------------------------------------------------------------------------------------------------------------------------------------------------------------------------------------------------
STATUS                                                                                                                                                                                                  
-------                                                                                                                                                                                                 
D:\APLICATII\ORADATA\ORCL\BD_TEMP.DBF                                                                                                                                                                   
ONLINE                                                                                                                                                                                                  
                                                                                                                                                                                                        
D:\APLICATII\ORADATA\ORCL\TEMP01.DBF                                                                                                                                                                    
ONLINE                                                                                                                                                                                                  
                                                                                                                                                                                                        
D:\UBD_TEMP1.DBF                                                                                                                                                                                        
ONLINE                                                                                                                                                                                                  
                                                                                                                                                                                                        

SQL> Exercitiul 2
SP2-0734: unknown command beginning "Exercitiul..." - rest of line ignored.
SQL> create tablespace ubd_lab datafile 'd:\ubd_lab.dbf' size 10m extent management local uniform size 128k;

Tablespace created.

SQL> alter tablespace ubd_lab add datafile 'd:\ubd_lab1.dbf' size 1M;

Tablespace altered.

SQL> select tablespace_name from dba_tablespaces
  2  where tablespace_name = 'UBD_LAB';

TABLESPACE_NAME                                                                                                                                                                                         
------------------------------                                                                                                                                                                          
UBD_LAB                                                                                                                                                                                                 

SQL> Exercitiul 3
SP2-0734: unknown command beginning "Exercitiul..." - rest of line ignored.
SQL> select creation time from v$tempfile;
select creation time from v$tempfile
       *
ERROR at line 1:
ORA-00904: "CREATION": invalid identifier 


SQL> select creation_time from v$tempfile;

CREATION_                                                                                                                                                                                               
---------                                                                                                                                                                                               
17-OCT-21                                                                                                                                                                                               
17-OCT-21                                                                                                                                                                                               
09-NOV-21                                                                                                                                                                                               

SQL> select name, creation_time, block_size
  2  where status = 'ONLINE'
  3  from v$tempfile;
where status = 'ONLINE'
*
ERROR at line 2:
ORA-00923: FROM keyword not found where expected 


SQL> select name, creation_time, block_size
  2  from
  3  
SQL> select a.name, a.creation_time, a.block_size
  2  from v$tempfile a
  3  where a.status = 'ONLINE';

NAME                                                                                                                                                                                                    
--------------------------------------------------------------------------------------------------------------------------------------------------------------------------------------------------------
CREATION_ BLOCK_SIZE                                                                                                                                                                                    
--------- ----------                                                                                                                                                                                    
D:\APLICATII\ORADATA\ORCL\TEMP01.DBF                                                                                                                                                                    
17-OCT-21       8192                                                                                                                                                                                    
                                                                                                                                                                                                        
D:\APLICATII\ORADATA\ORCL\BD_TEMP.DBF                                                                                                                                                                   
17-OCT-21       8192                                                                                                                                                                                    
                                                                                                                                                                                                        
D:\UBD_TEMP1.DBF                                                                                                                                                                                        
09-NOV-21       8192                                                                                                                                                                                    
                                                                                                                                                                                                        

SQL> select * from database_properties where property_name = 'DEFAULT_PERMANENT_TABLESPACE';

PROPERTY_NAME                                                                                                                                                                                           
--------------------------------------------------------------------------------------------------------------------------------                                                                        
PROPERTY_VALUE                                                                                                                                                                                          
--------------------------------------------------------------------------------------------------------------------------------------------------------------------------------------------------------
DESCRIPTION                                                                                                                                                                                             
--------------------------------------------------------------------------------------------------------------------------------------------------------------------------------------------------------
DEFAULT_PERMANENT_TABLESPACE                                                                                                                                                                            
USERS                                                                                                                                                                                                   
Name of default permanent tablespace                                                                                                                                                                    
                                                                                                                                                                                                        

SQL> SELECT * FROM V$TABLESPACE;

       TS# NAME                           INC BIG FLA ENC     CON_ID                                                                                                                                    
---------- ------------------------------ --- --- --- --- ----------                                                                                                                                    
         1 SYSAUX                         YES NO  YES              1                                                                                                                                    
         0 SYSTEM                         YES NO  YES              1                                                                                                                                    
         2 UNDOTBS1                       YES NO  YES              1                                                                                                                                    
         4 USERS                          YES NO  YES              1                                                                                                                                    
         3 TEMP                           NO  NO  YES              1                                                                                                                                    
         6 BD_DATA                        YES NO  YES              1                                                                                                                                    
         7 BD_TEMP                        NO  NO  YES              1                                                                                                                                    
         8 UBD_DATA1                      YES NO  YES              1                                                                                                                                    
         9 UBD_DATA2                      YES NO  YES              1                                                                                                                                    
        10 UBD_TEMP2                      NO  NO  YES              1                                                                                                                                    
        11 UBD_LAB                        YES NO  YES              1                                                                                                                                    

11 rows selected.

SQL> select tablespace_name from dba_tablespaces;

TABLESPACE_NAME                                                                                                                                                                                         
------------------------------                                                                                                                                                                          
SYSTEM                                                                                                                                                                                                  
SYSAUX                                                                                                                                                                                                  
UNDOTBS1                                                                                                                                                                                                
TEMP                                                                                                                                                                                                    
USERS                                                                                                                                                                                                   
BD_DATA                                                                                                                                                                                                 
BD_TEMP                                                                                                                                                                                                 
UBD_DATA1                                                                                                                                                                                               
UBD_DATA2                                                                                                                                                                                               
UBD_TEMP2                                                                                                                                                                                               
UBD_LAB                                                                                                                                                                                                 

11 rows selected.

SQL> select a.file_name, b.property_value, c.status
  2  from dba_data_files a,
  3  database_properties b,
  4  dba_tablespace c
  5  where b.property_name = 'DEFAULT_PERMANENT_TABLESPACE'
  6  and b.property_value = c.tablespace_name
  7  and b.property_value = a.tablespace_name;
dba_tablespace c
*
ERROR at line 4:
ORA-00942: table or view does not exist 


SQL> edit
Wrote file afiedt.buf

  1  select a.file_name, b.property_value, c.status
  2  from dba_data_files a,
  3  database_properties b,
  4  dba_tablespaces c
  5  where b.property_name = 'DEFAULT_PERMANENT_TABLESPACE'
  6  and b.property_value = c.tablespace_name
  7* and b.property_value = a.tablespace_name
SQL> edit
Wrote file afiedt.buf

  1  select a.file_name, b.property_value, c.status
  2  from dba_data_files a,
  3  database_properties b,
  4  dba_tablespaces c
  5  where b.property_name = 'DEFAULT_PERMANENT_TABLESPACE'
  6  and b.property_value = c.tablespace_name
  7* and b.property_value = a.tablespace_name
SQL> select a.file_name, b.property_value, c.status
  2  from dba_data_files a,
  3  database_properties b,
  4  dba_tablespaces c
  5  where b.property_name = 'DEFAULT_PERMANENT_TABLESPACE'
  6  and b.property_value = c.tablespace_name
  7  and b.property_value = a.tablespace_name
  8  /

FILE_NAME                                                                                                                                                                                               
--------------------------------------------------------------------------------------------------------------------------------------------------------------------------------------------------------
PROPERTY_VALUE                                                                                                                                                                                          
--------------------------------------------------------------------------------------------------------------------------------------------------------------------------------------------------------
STATUS                                                                                                                                                                                                  
---------                                                                                                                                                                                               
D:\APLICATII\ORADATA\ORCL\USERS01.DBF                                                                                                                                                                   
USERS                                                                                                                                                                                                   
ONLINE                                                                                                                                                                                                  
                                                                                                                                                                                                        

SQL> Exercitiul 1:
SP2-0734: unknown command beginning "Exercitiul..." - rest of line ignored.
SQL> am scris si mai sus pentru exercitul unu dar am uitat sa ii dau titlul ca sa se deosebeasca
SP2-0734: unknown command beginning "am scris s..." - rest of line ignored.
SQL> select a.username, a.default_tablespace, b.status
  2  from user_users a,
  3  dba_tablespaces b
  4  where b.tablespace_name=a.default_tabelspace;
where b.tablespace_name=a.default_tabelspace
                        *
ERROR at line 4:
ORA-00904: "A"."DEFAULT_TABELSPACE": invalid identifier 


SQL> edit
Wrote file afiedt.buf

  1  select a.username, a.default_tablespace, b.status
  2  from user_users a,
  3  dba_tablespaces b
  4* where b.tablespace_name=a.default_tablespace
SQL> select a.username, a.default_tablespace, b.status
  2  from user_users a,
  3  dba_tablespaces b
  4  where b.tablespace_name=a.default_tablespace
  5  /

USERNAME                                                                                                                         DEFAULT_TABLESPACE             STATUS                                  
-------------------------------------------------------------------------------------------------------------------------------- ------------------------------ ---------                               
ABD1                                                                                                                             BD_DATA                        ONLINE                                  

SQL> update login_lab_ubd set data_sf=sysdate where laborator='Lab6';

1 row updated.

SQL> 
SQL> update login_lab_ubd set durata=round((data_sf-data_in)*24*60) where laborator='Lab6';

1 row updated.

SQL> 
SQL> commit;

Commit complete.

SQL> 
SQL> select instance_number,instance_name,to_char(startup_time, 'dd-mm-yyyy hh:mi:ss'), host_name from v$instance;

INSTANCE_NUMBER INSTANCE_NAME    TO_CHAR(STARTUP_TIM HOST_NAME                                                                                                                                          
--------------- ---------------- ------------------- ----------------------------------------------------------------                                                                                   
              1 orcl             08-11-2021 11:14:36 DESKTOP-E0N7ML4                                                                                                                                    

SQL> 
SQL> select nume_stud, grupa, laborator, to_char(data_in, 'dd-mm-yyyy hh:mi:ss') data_inceput, to_char(data_sf, 'dd-mm-yyyy hh:mi:ss')data_sfarsit, durata minute_lucrate from login_lab_ubd;

NUME_STUD                      GRUPA      LABORATOR  DATA_INCEPUT        DATA_SFARSIT        MINUTE_LUCRATE                                                                                             
------------------------------ ---------- ---------- ------------------- ------------------- --------------                                                                                             
Pantelimon Andreea             341C5      Lab6       09-11-2021 10:04:21 09-11-2021 11:44:43            100                                                                                             
Pantelimon Andreea             341C5      Lab2       17-10-2021 05:40:39 17-10-2021 07:33:56            113                                                                                             
Pantelimon Andreea             341C5      Lab4       26-10-2021 10:18:49 26-10-2021 11:31:22             73                                                                                             
Pantelimon Andreea             341C5      Lab3       19-10-2021 10:31:03 19-10-2021 11:42:02             71                                                                                             
Pantelimon Andreea             341C5      Lab5       02-11-2021 10:39:03 02-11-2021 11:48:38             70                                                                                             

SQL> spool off;
